// Jest Snapshot v1, https://goo.gl/fbAQLP

exports[`PokemonPage Component Debe de hacer match con el snapshot 1`] = `
<div class="card">
  <div class="container">
    <h1>Espere por favor...</h1>
  </div>
</div>
`;

exports[`PokemonPage Component Debe de hacer match con el snapshot cuando carguen los pakemons 1`] = `
<div class="card">
  <div class="container">
    <div>
      <h1>¿Quién es este pokémon?</h1>
      <pokemon-picture-vue-stub pokemonid="1" showpokemon="false"></pokemon-picture-vue-stub>
      <pokemon-options-vue-stub pokemons="[object Object],[object Object],[object Object],[object Object]"></pokemon-options-vue-stub>
      <p>Acertados: <strong>0</strong> Errados: <strong>0</strong></p>
      <!--v-if-->
      <h3>Desarrollado por Samir V2 del Curso de Vue.js de <a href="https://fernando-herrera.com/#/" target="_blank">Fernando Herrera</a>.</h3>
    </div>
  </div>
</div>
`;
